
> frontend@0.1.0 build
> next build

Γû▓ Next.js 16.1.6 (Turbopack)
- Environments: .env.local

node.exe : ΓÜá The 
"middleware" file 
convention is 
deprecated. Please use 
"proxy" instead. Learn 
more: https://nextjs.org/
docs/messages/middleware-
to-proxy
At C:\Users\Amritanshu\Ap
pData\Roaming\npm\npm.ps1
:24 char:5
+     & "node$exe"  "$bas
edir/node_modules/npm/bin
/npm-cli.js" $args
+     ~~~~~~~~~~~~~~~~~~~
~~~~~~~~~~~~~~~~~~~~~~~~~
~~~~~~~~~~~~~~~~~~
    + CategoryInfo       
       : NotSpecified:   
  (ΓÜá The "middle...l   
 eware-to-proxy:Strin    
g) [], RemoteExcepti    
on
    + FullyQualifiedErro 
   rId : NativeCommandE  
  rror
 
  Creating an optimized production build ...
Γ£ô Compiled successfully in 3.1s
  Running TypeScript ...
  Collecting page data using 7 workers ...
  Generating static pages using 7 workers (0/9) ...
  Generating static pages using 7 workers (2/9) 
  Generating static pages using 7 workers (4/9) 
  Generating static pages using 7 workers (6/9) 
Γ£ô Generating static pages using 7 workers (9/9) in 320.5ms
  Finalizing page optimization ...

Route (app)
Γöî Γùï /
Γö£ Γùï /_not-found
Γö£ ╞Æ /blog/[slug]
Γö£ Γùï /dashboard
Γö£ ╞Æ /dashboard/edit/[id]
Γö£ Γùï /dashboard/new
Γö£ Γùï /feed
Γö£ Γùï /login
Γöö Γùï /register


╞Æ Proxy (Middleware)

Γùï  (Static)   prerendered as static content
╞Æ  (Dynamic)  server-rendered on demand

